
#source	"/Users/masters/Projects/C--Compiler/./lab_inputs/lab12/input-1.txt"

' * Invocation to the main function
call main
halt
' * ArrayType(3, 1) DoubleType(3, 1)[10] v (offset 0)

#line	5
' * Function definition: Id: main (5, 6)

main:
	' * Parameters
	' * Local variables
	' * DoubleType(6, 2) value (offset -4)
	' * IntType(7, 2) i (offset -6)
	' * IntType(8, 2) j (offset -8)
	' * ArrayType(9, 2) ArrayType(9, 2) IntType(9, 2)[4][5] w (offset -48)
	enter	48

#line	12
	' * Read
	push	bp
	pushi	-6
	addi
	ini
	storei

#line	13
	' * Assignment
	push	bp
	pushi	-4
	addi
	push	bp
	pushi	-6
	addi
	loadi
	i2f
	pushf	10.0
	divf
	storef

#line	15
	' * Assignment
	push	bp
	pushi	-6
	addi
	pushi	0
	storei

#line	16
	' * While
label0:
	push	bp
	pushi	-6
	addi
	loadi
	pushi	10
	lti
	jz	label1
	' * Body of the while statement

#line	17
	' * Assignment
	pusha	0
	push	bp
	pushi	-6
	addi
	loadi
	pushi	4
	muli
	addi
	push	bp
	pushi	-4
	addi
	loadf
	storef

#line	18
	' * Write
	push	bp
	pushi	-6
	addi
	loadi
	outi

#line	18
	' * Write
	pushb	58
	outb

#line	18
	' * Write
	pusha	0
	push	bp
	pushi	-6
	addi
	loadi
	pushi	4
	muli
	addi
	loadf
	outf

#line	18
	' * Write
	pushb	32
	outb

#line	19
	' * If statement
	push	bp
	pushi	-6
	addi
	loadi
	pushi	2
	modi
	jz	label2
	' * Body of the if branch

#line	20
	' * Write
	pushb	111
	outb

#line	20
	' * Write
	pushb	100
	outb

#line	20
	' * Write
	pushb	100
	outb

#line	20
	' * Write
	pushb	10
	outb
	jmp	label3
label2:
	' * Body of the else branch

#line	23
	' * Write
	pushb	101
	outb

#line	23
	' * Write
	pushb	118
	outb

#line	23
	' * Write
	pushb	101
	outb

#line	23
	' * Write
	pushb	110
	outb

#line	23
	' * Write
	pushb	10
	outb
label3:

#line	25
	' * Assignment
	push	bp
	pushi	-6
	addi
	push	bp
	pushi	-6
	addi
	loadi
	pushi	1
	addi
	storei
	jmp	label0
label1:

#line	27
	' * Write
	pushb	10
	outb

#line	29
	' * Assignment
	push	bp
	pushi	-6
	addi
	pushi	0
	storei

#line	30
	' * While
label4:
	push	bp
	pushi	-6
	addi
	loadi
	pushi	4
	lti
	jz	label5
	' * Body of the while statement

#line	31
	' * Assignment
	push	bp
	pushi	-8
	addi
	pushi	0
	storei

#line	32
	' * While
label6:
	push	bp
	pushi	-8
	addi
	loadi
	pushi	5
	lti
	jz	label7
	' * Body of the while statement

#line	33
	' * Assignment
	push	bp
	pushi	-48
	addi
	push	bp
	pushi	-6
	addi
	loadi
	pushi	8
	muli
	addi
	push	bp
	pushi	-8
	addi
	loadi
	pushi	2
	muli
	addi
	push	bp
	pushi	-6
	addi
	loadi
	push	bp
	pushi	-8
	addi
	loadi
	addi
	storei

#line	34
	' * Write
	push	bp
	pushi	-48
	addi
	push	bp
	pushi	-6
	addi
	loadi
	pushi	8
	muli
	addi
	push	bp
	pushi	-8
	addi
	loadi
	pushi	2
	muli
	addi
	loadi
	outi

#line	34
	' * Write
	pushb	32
	outb

#line	35
	' * Assignment
	push	bp
	pushi	-8
	addi
	push	bp
	pushi	-8
	addi
	loadi
	pushi	1
	addi
	storei
	jmp	label6
label7:

#line	37
	' * Write
	pushb	10
	outb

#line	38
	' * Assignment
	push	bp
	pushi	-6
	addi
	push	bp
	pushi	-6
	addi
	loadi
	pushi	1
	addi
	storei
	jmp	label4
label5:

#line	41
	' * Assignment
	push	bp
	pushi	-48
	addi
	pushi	3
	pushi	8
	muli
	addi
	pushi	4
	pushi	2
	muli
	addi
	pushi	42
	storei

#line	42
	' * Write
	push	bp
	pushi	-48
	addi
	pushi	3
	pushi	8
	muli
	addi
	pushi	4
	pushi	2
	muli
	addi
	loadi
	outi

#line	42
	' * Write
	pushb	10
	outb
	ret	0, 48, 0
